Running Gradle task 'assembleDebug'...                             22.6s
??? Built build\app\outputs\flutter-apk\app-debug.apk
